../Core/Src/main.c:161:6:HAL_TIM_IC_CaptureCallback	16	static
../Core/Src/main.c:202:6:HAL_UART_TxCpltCallback	16	static
../Core/Src/main.c:223:6:HAL_UART_RxCpltCallback	16	static
../Core/Src/main.c:256:6:transmitData	32	static
../Core/Src/main.c:328:5:main	72	static
../Core/Src/main.c:463:6:SystemClock_Config	96	static
../Core/Src/main.c:513:13:MX_ADC1_Init	48	static
../Core/Src/main.c:580:13:MX_DAC1_Init	48	static
../Core/Src/main.c:623:13:MX_OPAMP2_Init	8	static
../Core/Src/main.c:656:13:MX_TIM4_Init	40	static
../Core/Src/main.c:704:13:MX_TIM15_Init	96	static
../Core/Src/main.c:769:13:MX_UART4_Init	8	static
../Core/Src/main.c:804:13:MX_UART5_Init	8	static
../Core/Src/main.c:837:13:MX_DMA_Init	16	static
../Core/Src/main.c:868:13:MX_GPIO_Init	48	static
../Core/Src/main.c:906:6:UARTPathIn	24	static
../Core/Src/main.c:926:6:UARTPathOut	24	static
../Core/Src/main.c:946:6:HAL_TIM_PeriodElapsedCallback	16	static
../Core/Src/main.c:963:6:Error_Handler	4	static,ignoring_inline_asm
